Archive member included to satisfy reference by file (symbol)

/usr/lib/x86_64-linux-gnu/libc_nonshared.a(elf-init.oS)
                              /usr/lib/gcc/x86_64-linux-gnu/6/../../../x86_64-linux-gnu/Scrt1.o (__libc_csu_init)

Discarded input sections

 .note.GNU-stack
                0x0000000000000000        0x0 /usr/lib/gcc/x86_64-linux-gnu/6/../../../x86_64-linux-gnu/Scrt1.o
 .note.GNU-stack
                0x0000000000000000        0x0 /usr/lib/gcc/x86_64-linux-gnu/6/../../../x86_64-linux-gnu/crti.o
 .note.GNU-stack
                0x0000000000000000        0x0 /usr/lib/gcc/x86_64-linux-gnu/6/crtbeginS.o
 .note.GNU-stack
                0x0000000000000000        0x0 main.o
 .note.GNU-stack
                0x0000000000000000        0x0 memory.o
 .note.GNU-stack
                0x0000000000000000        0x0 stats.o
 .note.GNU-stack
                0x0000000000000000        0x0 course1.o
 .note.GNU-stack
                0x0000000000000000        0x0 data.o
 .note.GNU-stack
                0x0000000000000000        0x0 /usr/lib/x86_64-linux-gnu/libc_nonshared.a(elf-init.oS)
 .note.GNU-stack
                0x0000000000000000        0x0 /usr/lib/gcc/x86_64-linux-gnu/6/crtendS.o
 .note.GNU-stack
                0x0000000000000000        0x0 /usr/lib/gcc/x86_64-linux-gnu/6/../../../x86_64-linux-gnu/crtn.o

Memory Configuration

Name             Origin             Length             Attributes
*default*        0x0000000000000000 0xffffffffffffffff

Linker script and memory map

LOAD /usr/lib/gcc/x86_64-linux-gnu/6/../../../x86_64-linux-gnu/Scrt1.o
LOAD /usr/lib/gcc/x86_64-linux-gnu/6/../../../x86_64-linux-gnu/crti.o
LOAD /usr/lib/gcc/x86_64-linux-gnu/6/crtbeginS.o
LOAD main.o
LOAD memory.o
LOAD stats.o
LOAD course1.o
LOAD data.o
LOAD /usr/lib/gcc/x86_64-linux-gnu/6/libgcc.a
LOAD /usr/lib/gcc/x86_64-linux-gnu/6/libgcc_s.so
START GROUP
LOAD /usr/lib/gcc/x86_64-linux-gnu/6/libgcc_s.so.1
LOAD /usr/lib/gcc/x86_64-linux-gnu/6/libgcc.a
END GROUP
LOAD /usr/lib/gcc/x86_64-linux-gnu/6/../../../x86_64-linux-gnu/libc.so
START GROUP
LOAD /lib/x86_64-linux-gnu/libc.so.6
LOAD /usr/lib/x86_64-linux-gnu/libc_nonshared.a
LOAD /lib/x86_64-linux-gnu/ld-linux-x86-64.so.2
END GROUP
LOAD /usr/lib/gcc/x86_64-linux-gnu/6/libgcc.a
LOAD /usr/lib/gcc/x86_64-linux-gnu/6/libgcc_s.so
START GROUP
LOAD /usr/lib/gcc/x86_64-linux-gnu/6/libgcc_s.so.1
LOAD /usr/lib/gcc/x86_64-linux-gnu/6/libgcc.a
END GROUP
LOAD /usr/lib/gcc/x86_64-linux-gnu/6/crtendS.o
LOAD /usr/lib/gcc/x86_64-linux-gnu/6/../../../x86_64-linux-gnu/crtn.o
                [!provide]                        PROVIDE (__executable_start, SEGMENT_START ("text-segment", 0x0))
                0x0000000000000238                . = (SEGMENT_START ("text-segment", 0x0) + SIZEOF_HEADERS)

.interp         0x0000000000000238       0x1c
 *(.interp)
 .interp        0x0000000000000238       0x1c /usr/lib/gcc/x86_64-linux-gnu/6/../../../x86_64-linux-gnu/Scrt1.o

.note.ABI-tag   0x0000000000000254       0x20
 .note.ABI-tag  0x0000000000000254       0x20 /usr/lib/gcc/x86_64-linux-gnu/6/../../../x86_64-linux-gnu/Scrt1.o

.note.gnu.build-id
                0x0000000000000274       0x24
 *(.note.gnu.build-id)
 .note.gnu.build-id
                0x0000000000000274       0x24 /usr/lib/gcc/x86_64-linux-gnu/6/../../../x86_64-linux-gnu/Scrt1.o

.hash
 *(.hash)

.gnu.hash       0x0000000000000298       0x1c
 *(.gnu.hash)
 .gnu.hash      0x0000000000000298       0x1c /usr/lib/gcc/x86_64-linux-gnu/6/../../../x86_64-linux-gnu/Scrt1.o

.dynsym         0x00000000000002b8      0x120
 *(.dynsym)
 .dynsym        0x00000000000002b8      0x120 /usr/lib/gcc/x86_64-linux-gnu/6/../../../x86_64-linux-gnu/Scrt1.o

.dynstr         0x00000000000003d8       0xc4
 *(.dynstr)
 .dynstr        0x00000000000003d8       0xc4 /usr/lib/gcc/x86_64-linux-gnu/6/../../../x86_64-linux-gnu/Scrt1.o

.gnu.version    0x000000000000049c       0x18
 *(.gnu.version)
 .gnu.version   0x000000000000049c       0x18 /usr/lib/gcc/x86_64-linux-gnu/6/../../../x86_64-linux-gnu/Scrt1.o

.gnu.version_d  0x00000000000004b8        0x0
 *(.gnu.version_d)
 .gnu.version_d
                0x00000000000004b8        0x0 /usr/lib/gcc/x86_64-linux-gnu/6/../../../x86_64-linux-gnu/Scrt1.o

.gnu.version_r  0x00000000000004b8       0x30
 *(.gnu.version_r)
 .gnu.version_r
                0x00000000000004b8       0x30 /usr/lib/gcc/x86_64-linux-gnu/6/../../../x86_64-linux-gnu/Scrt1.o

.rela.dyn       0x00000000000004e8      0x150
 *(.rela.init)
 *(.rela.text .rela.text.* .rela.gnu.linkonce.t.*)
 .rela.text     0x00000000000004e8        0x0 /usr/lib/gcc/x86_64-linux-gnu/6/../../../x86_64-linux-gnu/Scrt1.o
 *(.rela.fini)
 *(.rela.rodata .rela.rodata.* .rela.gnu.linkonce.r.*)
 *(.rela.data .rela.data.* .rela.gnu.linkonce.d.*)
 .rela.data.rel.ro
                0x00000000000004e8        0x0 /usr/lib/gcc/x86_64-linux-gnu/6/../../../x86_64-linux-gnu/Scrt1.o
 .rela.data.rel.local
                0x00000000000004e8       0x18 /usr/lib/gcc/x86_64-linux-gnu/6/../../../x86_64-linux-gnu/Scrt1.o
 *(.rela.tdata .rela.tdata.* .rela.gnu.linkonce.td.*)
 *(.rela.tbss .rela.tbss.* .rela.gnu.linkonce.tb.*)
 *(.rela.ctors)
 *(.rela.dtors)
 *(.rela.got)
 .rela.got      0x0000000000000500      0x108 /usr/lib/gcc/x86_64-linux-gnu/6/../../../x86_64-linux-gnu/Scrt1.o
 *(.rela.bss .rela.bss.* .rela.gnu.linkonce.b.*)
 .rela.bss      0x0000000000000608        0x0 /usr/lib/gcc/x86_64-linux-gnu/6/../../../x86_64-linux-gnu/Scrt1.o
 *(.rela.ldata .rela.ldata.* .rela.gnu.linkonce.l.*)
 *(.rela.lbss .rela.lbss.* .rela.gnu.linkonce.lb.*)
 *(.rela.lrodata .rela.lrodata.* .rela.gnu.linkonce.lr.*)
 *(.rela.ifunc)
 .rela.fini_array
                0x0000000000000608       0x18 /usr/lib/gcc/x86_64-linux-gnu/6/../../../x86_64-linux-gnu/Scrt1.o
 .rela.init_array
                0x0000000000000620       0x18 /usr/lib/gcc/x86_64-linux-gnu/6/../../../x86_64-linux-gnu/Scrt1.o

.rela.plt       0x0000000000000638        0x0
 *(.rela.plt)
 .rela.plt      0x0000000000000638        0x0 /usr/lib/gcc/x86_64-linux-gnu/6/../../../x86_64-linux-gnu/Scrt1.o
                [!provide]                        PROVIDE (__rela_iplt_start, .)
 *(.rela.iplt)
                [!provide]                        PROVIDE (__rela_iplt_end, .)

.init           0x0000000000000638       0x17
 *(SORT(.init))
 .init          0x0000000000000638       0x12 /usr/lib/gcc/x86_64-linux-gnu/6/../../../x86_64-linux-gnu/crti.o
                0x0000000000000638                _init
 .init          0x000000000000064a        0x5 /usr/lib/gcc/x86_64-linux-gnu/6/../../../x86_64-linux-gnu/crtn.o

.plt            0x0000000000000650       0x10
 *(.plt)
 .plt           0x0000000000000650       0x10 /usr/lib/gcc/x86_64-linux-gnu/6/../../../x86_64-linux-gnu/Scrt1.o
 *(.iplt)

.plt.got        0x0000000000000660       0x30
 *(.plt.got)
 .plt.got       0x0000000000000660       0x30 /usr/lib/gcc/x86_64-linux-gnu/6/../../../x86_64-linux-gnu/Scrt1.o

.plt.bnd
 *(.plt.bnd)

.text           0x0000000000000690     0x1412
 *(.text.unlikely .text.*_unlikely .text.unlikely.*)
 *(.text.exit .text.exit.*)
 *(.text.startup .text.startup.*)
 *(.text.hot .text.hot.*)
 *(.text .stub .text.* .gnu.linkonce.t.*)
 .text          0x0000000000000690       0x2b /usr/lib/gcc/x86_64-linux-gnu/6/../../../x86_64-linux-gnu/Scrt1.o
                0x0000000000000690                _start
 .text          0x00000000000006bb        0x0 /usr/lib/gcc/x86_64-linux-gnu/6/../../../x86_64-linux-gnu/crti.o
 *fill*         0x00000000000006bb        0x5 
 .text          0x00000000000006c0      0x100 /usr/lib/gcc/x86_64-linux-gnu/6/crtbeginS.o
 .text          0x00000000000007c0       0x10 main.o
                0x00000000000007c0                main
 .text          0x00000000000007d0      0x2ff memory.o
                0x00000000000007d0                set_value
                0x00000000000007f3                clear_value
                0x000000000000081b                get_value
                0x0000000000000835                set_all
                0x0000000000000876                clear_all
                0x000000000000089c                my_memmove
                0x0000000000000928                my_memcopy
                0x0000000000000979                my_memset
                0x00000000000009c3                my_memzero
                0x0000000000000a05                my_reverse
                0x0000000000000a80                reserve_words
                0x0000000000000ab4                free_words
 .text          0x0000000000000acf      0x432 stats.o
                0x0000000000000acf                print_statistics
                0x0000000000000be0                print_array
                0x0000000000000c8b                find_median
                0x0000000000000d67                find_mean
                0x0000000000000db4                find_maximum
                0x0000000000000e04                find_minimum
                0x0000000000000e54                sort_array
 .text          0x0000000000000f01      0x9a9 course1.o
                0x0000000000000f01                test_data1
                0x0000000000000fc1                test_data2
                0x0000000000001081                test_memmove1
                0x0000000000001170                test_memmove2
                0x0000000000001294                test_memmove3
                0x00000000000013c8                test_memcopy
                0x00000000000014b7                test_memset
                0x00000000000015dd                test_reverse
                0x000000000000175a                course1
 .text          0x00000000000018aa      0x177 data.o
                0x00000000000018aa                my_itoa
                0x00000000000019a2                my_atoi
 *fill*         0x0000000000001a21        0xf 
 .text          0x0000000000001a30       0x72 /usr/lib/x86_64-linux-gnu/libc_nonshared.a(elf-init.oS)
                0x0000000000001a30                __libc_csu_init
                0x0000000000001aa0                __libc_csu_fini
 .text          0x0000000000001aa2        0x0 /usr/lib/gcc/x86_64-linux-gnu/6/crtendS.o
 .text          0x0000000000001aa2        0x0 /usr/lib/gcc/x86_64-linux-gnu/6/../../../x86_64-linux-gnu/crtn.o
 *(.gnu.warning)

.fini           0x0000000000001aa4        0x9
 *(SORT(.fini))
 .fini          0x0000000000001aa4        0x4 /usr/lib/gcc/x86_64-linux-gnu/6/../../../x86_64-linux-gnu/crti.o
                0x0000000000001aa4                _fini
 .fini          0x0000000000001aa8        0x5 /usr/lib/gcc/x86_64-linux-gnu/6/../../../x86_64-linux-gnu/crtn.o
                [!provide]                        PROVIDE (__etext, .)
                [!provide]                        PROVIDE (_etext, .)
                [!provide]                        PROVIDE (etext, .)

.rodata         0x0000000000001ab0      0x3b5
 *(.rodata .rodata.* .gnu.linkonce.r.*)
 .rodata.cst4   0x0000000000001ab0        0x4 /usr/lib/gcc/x86_64-linux-gnu/6/../../../x86_64-linux-gnu/Scrt1.o
                0x0000000000001ab0                _IO_stdin_used
 *fill*         0x0000000000001ab4        0x4 
 .rodata        0x0000000000001ab8      0x200 stats.o
 .rodata        0x0000000000001cb8      0x1ad course1.o

.rodata1
 *(.rodata1)

.eh_frame_hdr   0x0000000000001e68      0x12c
 *(.eh_frame_hdr)
 .eh_frame_hdr  0x0000000000001e68      0x12c /usr/lib/gcc/x86_64-linux-gnu/6/../../../x86_64-linux-gnu/Scrt1.o
                0x0000000000001e68                __GNU_EH_FRAME_HDR
 *(.eh_frame_entry .eh_frame_entry.*)

.eh_frame       0x0000000000001f98      0x4cc
 *(.eh_frame)
 .eh_frame      0x0000000000001f98       0x30 /usr/lib/gcc/x86_64-linux-gnu/6/../../../x86_64-linux-gnu/Scrt1.o
 .eh_frame      0x0000000000001fc8       0x40 /usr/lib/gcc/x86_64-linux-gnu/6/../../../x86_64-linux-gnu/Scrt1.o
 .eh_frame      0x0000000000002008       0x18 /usr/lib/gcc/x86_64-linux-gnu/6/../../../x86_64-linux-gnu/Scrt1.o
                                         0x30 (size before relaxing)
 .eh_frame      0x0000000000002020       0x20 main.o
                                         0x38 (size before relaxing)
 .eh_frame      0x0000000000002040      0x180 memory.o
                                        0x198 (size before relaxing)
 .eh_frame      0x00000000000021c0       0xe0 stats.o
                                         0xf8 (size before relaxing)
 .eh_frame      0x00000000000022a0      0x120 course1.o
                                        0x138 (size before relaxing)
 .eh_frame      0x00000000000023c0       0x40 data.o
                                         0x58 (size before relaxing)
 .eh_frame      0x0000000000002400       0x60 /usr/lib/x86_64-linux-gnu/libc_nonshared.a(elf-init.oS)
                                         0x78 (size before relaxing)
 .eh_frame      0x0000000000002460        0x4 /usr/lib/gcc/x86_64-linux-gnu/6/crtendS.o
 *(.eh_frame.*)

.gcc_except_table
 *(.gcc_except_table .gcc_except_table.*)

.gnu_extab
 *(.gnu_extab*)

.exception_ranges
 *(.exception_ranges .exception_ranges*)
                0x0000000000202db8                . = DATA_SEGMENT_ALIGN (CONSTANT (MAXPAGESIZE), CONSTANT (COMMONPAGESIZE))

.eh_frame
 *(.eh_frame)
 *(.eh_frame.*)

.gnu_extab
 *(.gnu_extab)

.gcc_except_table
 *(.gcc_except_table .gcc_except_table.*)

.exception_ranges
 *(.exception_ranges .exception_ranges*)

.tdata
 *(.tdata .tdata.* .gnu.linkonce.td.*)

.tbss
 *(.tbss .tbss.* .gnu.linkonce.tb.*)
 *(.tcommon)

.preinit_array  0x0000000000202db8        0x0
                [!provide]                        PROVIDE (__preinit_array_start, .)
 *(.preinit_array)
                [!provide]                        PROVIDE (__preinit_array_end, .)

.init_array     0x0000000000202db8        0x8
                0x0000000000202db8                PROVIDE (__init_array_start, .)
 *(SORT(.init_array.*) SORT(.ctors.*))
 *(.init_array EXCLUDE_FILE(*crtend?.o *crtend.o *crtbegin?.o *crtbegin.o) .ctors)
 .init_array    0x0000000000202db8        0x8 /usr/lib/gcc/x86_64-linux-gnu/6/crtbeginS.o
                0x0000000000202dc0                PROVIDE (__init_array_end, .)

.fini_array     0x0000000000202dc0        0x8
                [!provide]                        PROVIDE (__fini_array_start, .)
 *(SORT(.fini_array.*) SORT(.dtors.*))
 *(.fini_array EXCLUDE_FILE(*crtend?.o *crtend.o *crtbegin?.o *crtbegin.o) .dtors)
 .fini_array    0x0000000000202dc0        0x8 /usr/lib/gcc/x86_64-linux-gnu/6/crtbeginS.o
                [!provide]                        PROVIDE (__fini_array_end, .)

.ctors
 *crtbegin.o(.ctors)
 *crtbegin?.o(.ctors)
 *(EXCLUDE_FILE(*crtend?.o *crtend.o) .ctors)
 *(SORT(.ctors.*))
 *(.ctors)

.dtors
 *crtbegin.o(.dtors)
 *crtbegin?.o(.dtors)
 *(EXCLUDE_FILE(*crtend?.o *crtend.o) .dtors)
 *(SORT(.dtors.*))
 *(.dtors)

.jcr            0x0000000000202dc8        0x8
 *(.jcr)
 .jcr           0x0000000000202dc8        0x0 /usr/lib/gcc/x86_64-linux-gnu/6/crtbeginS.o
 .jcr           0x0000000000202dc8        0x8 /usr/lib/gcc/x86_64-linux-gnu/6/crtendS.o

.data.rel.ro    0x0000000000202dd0        0x0
 *(.data.rel.ro.local* .gnu.linkonce.d.rel.ro.local.*)
 *(.data.rel.ro .data.rel.ro.* .gnu.linkonce.d.rel.ro.*)
 .data.rel.ro   0x0000000000202dd0        0x0 /usr/lib/gcc/x86_64-linux-gnu/6/../../../x86_64-linux-gnu/Scrt1.o

.dynamic        0x0000000000202dd0      0x1c0
 *(.dynamic)
 .dynamic       0x0000000000202dd0      0x1c0 /usr/lib/gcc/x86_64-linux-gnu/6/../../../x86_64-linux-gnu/Scrt1.o
                0x0000000000202dd0                _DYNAMIC

.got            0x0000000000202f90       0x70
 *(.got.plt)
 .got.plt       0x0000000000202f90       0x18 /usr/lib/gcc/x86_64-linux-gnu/6/../../../x86_64-linux-gnu/Scrt1.o
                0x0000000000202f90                _GLOBAL_OFFSET_TABLE_
 *(.igot.plt)
 *(.got)
 .got           0x0000000000202fa8       0x58 /usr/lib/gcc/x86_64-linux-gnu/6/../../../x86_64-linux-gnu/Scrt1.o
 *(.igot)
                0x0000000000203000                . = DATA_SEGMENT_RELRO_END (., 0x0)

.data           0x0000000000203000       0x10
 *(.data .data.* .gnu.linkonce.d.*)
 .data          0x0000000000203000        0x4 /usr/lib/gcc/x86_64-linux-gnu/6/../../../x86_64-linux-gnu/Scrt1.o
                0x0000000000203000                data_start
                0x0000000000203000                __data_start
 .data          0x0000000000203004        0x0 /usr/lib/gcc/x86_64-linux-gnu/6/../../../x86_64-linux-gnu/crti.o
 .data          0x0000000000203004        0x0 /usr/lib/gcc/x86_64-linux-gnu/6/crtbeginS.o
 *fill*         0x0000000000203004        0x4 
 .data.rel.local
                0x0000000000203008        0x8 /usr/lib/gcc/x86_64-linux-gnu/6/crtbeginS.o
                0x0000000000203008                __dso_handle
 .data          0x0000000000203010        0x0 main.o
 .data          0x0000000000203010        0x0 memory.o
 .data          0x0000000000203010        0x0 stats.o
 .data          0x0000000000203010        0x0 course1.o
 .data          0x0000000000203010        0x0 data.o
 .data          0x0000000000203010        0x0 /usr/lib/x86_64-linux-gnu/libc_nonshared.a(elf-init.oS)
 .data          0x0000000000203010        0x0 /usr/lib/gcc/x86_64-linux-gnu/6/crtendS.o
 .data          0x0000000000203010        0x0 /usr/lib/gcc/x86_64-linux-gnu/6/../../../x86_64-linux-gnu/crtn.o

.tm_clone_table
                0x0000000000203010        0x0
 .tm_clone_table
                0x0000000000203010        0x0 /usr/lib/gcc/x86_64-linux-gnu/6/crtbeginS.o
 .tm_clone_table
                0x0000000000203010        0x0 /usr/lib/gcc/x86_64-linux-gnu/6/crtendS.o

.data1
 *(.data1)
                0x0000000000203010                _edata = .
                [!provide]                        PROVIDE (edata, .)
                0x0000000000203010                . = .
                0x0000000000203010                __bss_start = .

.bss            0x0000000000203010        0x8
 *(.dynbss)
 .dynbss        0x0000000000203010        0x0 /usr/lib/gcc/x86_64-linux-gnu/6/../../../x86_64-linux-gnu/Scrt1.o
 *(.bss .bss.* .gnu.linkonce.b.*)
 .bss           0x0000000000203010        0x0 /usr/lib/gcc/x86_64-linux-gnu/6/../../../x86_64-linux-gnu/Scrt1.o
 .bss           0x0000000000203010        0x0 /usr/lib/gcc/x86_64-linux-gnu/6/../../../x86_64-linux-gnu/crti.o
 .bss           0x0000000000203010        0x1 /usr/lib/gcc/x86_64-linux-gnu/6/crtbeginS.o
 .bss           0x0000000000203011        0x0 main.o
 .bss           0x0000000000203011        0x0 memory.o
 .bss           0x0000000000203011        0x0 stats.o
 .bss           0x0000000000203011        0x0 course1.o
 .bss           0x0000000000203011        0x0 data.o
 .bss           0x0000000000203011        0x0 /usr/lib/x86_64-linux-gnu/libc_nonshared.a(elf-init.oS)
 .bss           0x0000000000203011        0x0 /usr/lib/gcc/x86_64-linux-gnu/6/crtendS.o
 .bss           0x0000000000203011        0x0 /usr/lib/gcc/x86_64-linux-gnu/6/../../../x86_64-linux-gnu/crtn.o
 *(COMMON)
                0x0000000000203018                . = ALIGN ((. != 0x0)?0x8:0x1)
 *fill*         0x0000000000203011        0x7 

.lbss
 *(.dynlbss)
 *(.lbss .lbss.* .gnu.linkonce.lb.*)
 *(LARGE_COMMON)
                0x0000000000203018                . = ALIGN (0x8)
                0x0000000000203018                . = SEGMENT_START ("ldata-segment", .)

.lrodata
 *(.lrodata .lrodata.* .gnu.linkonce.lr.*)

.ldata          0x0000000000603018        0x0
 *(.ldata .ldata.* .gnu.linkonce.l.*)
                0x0000000000603018                . = ALIGN ((. != 0x0)?0x8:0x1)
                0x0000000000603018                . = ALIGN (0x8)
                0x0000000000603018                _end = .
                [!provide]                        PROVIDE (end, .)
                0x0000000000603018                . = DATA_SEGMENT_END (.)

.stab
 *(.stab)

.stabstr
 *(.stabstr)

.stab.excl
 *(.stab.excl)

.stab.exclstr
 *(.stab.exclstr)

.stab.index
 *(.stab.index)

.stab.indexstr
 *(.stab.indexstr)

.comment        0x0000000000000000       0x2d
 *(.comment)
 .comment       0x0000000000000000       0x2d /usr/lib/gcc/x86_64-linux-gnu/6/crtbeginS.o
                                         0x2e (size before relaxing)
 .comment       0x000000000000002d       0x2e main.o
 .comment       0x000000000000002d       0x2e memory.o
 .comment       0x000000000000002d       0x2e stats.o
 .comment       0x000000000000002d       0x2e course1.o
 .comment       0x000000000000002d       0x2e data.o
 .comment       0x000000000000002d       0x2e /usr/lib/gcc/x86_64-linux-gnu/6/crtendS.o

.debug
 *(.debug)

.line
 *(.line)

.debug_srcinfo
 *(.debug_srcinfo)

.debug_sfnames
 *(.debug_sfnames)

.debug_aranges  0x0000000000000000       0xf0
 *(.debug_aranges)
 .debug_aranges
                0x0000000000000000       0x30 main.o
 .debug_aranges
                0x0000000000000030       0x30 memory.o
 .debug_aranges
                0x0000000000000060       0x30 stats.o
 .debug_aranges
                0x0000000000000090       0x30 course1.o
 .debug_aranges
                0x00000000000000c0       0x30 data.o

.debug_pubnames
 *(.debug_pubnames)

.debug_info     0x0000000000000000     0x19d6
 *(.debug_info .gnu.linkonce.wi.*)
 .debug_info    0x0000000000000000      0x2f2 main.o
 .debug_info    0x00000000000002f2      0x6e0 memory.o
 .debug_info    0x00000000000009d2      0x588 stats.o
 .debug_info    0x0000000000000f5a      0x67f course1.o
 .debug_info    0x00000000000015d9      0x3fd data.o

.debug_abbrev   0x0000000000000000      0x61f
 *(.debug_abbrev)
 .debug_abbrev  0x0000000000000000       0xd4 main.o
 .debug_abbrev  0x00000000000000d4      0x176 memory.o
 .debug_abbrev  0x000000000000024a      0x140 stats.o
 .debug_abbrev  0x000000000000038a      0x15e course1.o
 .debug_abbrev  0x00000000000004e8      0x137 data.o

.debug_line     0x0000000000000000      0x774
 *(.debug_line .debug_line.* .debug_line_end)
 .debug_line    0x0000000000000000       0xc1 main.o
 .debug_line    0x00000000000000c1      0x1b1 memory.o
 .debug_line    0x0000000000000272      0x17f stats.o
 .debug_line    0x00000000000003f1      0x269 course1.o
 .debug_line    0x000000000000065a      0x11a data.o

.debug_frame
 *(.debug_frame)

.debug_str      0x0000000000000000      0x48b
 *(.debug_str)
 .debug_str     0x0000000000000000      0x295 main.o
                                        0x2c4 (size before relaxing)
 .debug_str     0x0000000000000295       0xb2 memory.o
                                        0x370 (size before relaxing)
 .debug_str     0x0000000000000347       0x8b stats.o
                                        0x355 (size before relaxing)
 .debug_str     0x00000000000003d2       0x98 course1.o
                                        0x37b (size before relaxing)
 .debug_str     0x000000000000046a       0x21 data.o
                                        0x305 (size before relaxing)

.debug_loc
 *(.debug_loc)

.debug_macinfo
 *(.debug_macinfo)

.debug_weaknames
 *(.debug_weaknames)

.debug_funcnames
 *(.debug_funcnames)

.debug_typenames
 *(.debug_typenames)

.debug_varnames
 *(.debug_varnames)

.debug_pubtypes
 *(.debug_pubtypes)

.debug_ranges
 *(.debug_ranges)

.debug_macro
 *(.debug_macro)

.debug_addr
 *(.debug_addr)

.gnu.attributes
 *(.gnu.attributes)

/DISCARD/
 *(.note.GNU-stack)
 *(.gnu_debuglink)
 *(.gnu.lto_*)
OUTPUT(final.out elf64-x86-64)
